
Discarded input sections

 .group         0x00000000        0xc /tmp/cc6TjwjT.o
 .group         0x00000000        0xc /tmp/cc6TjwjT.o
 .group         0x00000000        0xc /tmp/cc6TjwjT.o
 .group         0x00000000        0xc /tmp/cc6TjwjT.o
 .group         0x00000000        0xc /tmp/cc6TjwjT.o
 .group         0x00000000        0xc /tmp/cc6TjwjT.o
 .group         0x00000000        0xc /tmp/cc6TjwjT.o
 .group         0x00000000        0xc /tmp/cc6TjwjT.o
 .group         0x00000000        0xc /tmp/cc6TjwjT.o
 .group         0x00000000        0xc /tmp/cc6TjwjT.o
 .group         0x00000000        0xc /tmp/cc6TjwjT.o
 .group         0x00000000        0xc /tmp/cc6TjwjT.o
 .group         0x00000000        0xc /tmp/cc6TjwjT.o
 .group         0x00000000        0xc /tmp/cc6TjwjT.o
 .group         0x00000000        0xc /tmp/cc6TjwjT.o
 .group         0x00000000        0xc /tmp/cc6TjwjT.o
 .group         0x00000000        0xc /tmp/cc6TjwjT.o
 .group         0x00000000        0xc /tmp/cc6TjwjT.o
 .group         0x00000000        0xc /tmp/cc6TjwjT.o
 .group         0x00000000        0xc /tmp/cc6TjwjT.o
 .group         0x00000000        0xc /tmp/cc6TjwjT.o
 .group         0x00000000        0xc /tmp/cc6TjwjT.o
 .group         0x00000000        0xc /tmp/cc6TjwjT.o
 .group         0x00000000        0xc /tmp/cc6TjwjT.o
 .group         0x00000000        0xc /tmp/cc6TjwjT.o
 .group         0x00000000        0xc /tmp/cc6TjwjT.o
 .group         0x00000000        0xc /tmp/cc6TjwjT.o
 .text          0x00000000        0x0 /tmp/cc6TjwjT.o
 .data          0x00000000        0x0 /tmp/cc6TjwjT.o
 .bss           0x00000000        0x0 /tmp/cc6TjwjT.o

Memory Configuration

Name             Origin             Length             Attributes
flash            0x08000000         0x00010000         xr
sram             0x20000000         0x00002000         xrw
*default*        0x00000000         0xffffffff

Linker script and memory map

LOAD /tmp/cc6TjwjT.o
LOAD /usr/lib/gcc/arm-none-eabi/14.2.1/../../../arm-none-eabi/lib/thumb/v6-m/nofp/libc_nano.a
LOAD /usr/lib/gcc/arm-none-eabi/14.2.1/thumb/v6-m/nofp/libgcc.a
                0x20002000                        _estack = (ORIGIN (sram) + LENGTH (sram))

.vectors        0x08000000       0xc0
 *(.vectors)
 .vectors       0x08000000       0xc0 /tmp/cc6TjwjT.o
                0x08000000                tab

.text           0x080000c0      0x188
 *(.text*)
 .text.SysTick_Handler
                0x080000c0       0x10 /tmp/cc6TjwjT.o
                0x080000c0                SysTick_Handler
 .text.timer_expired
                0x080000d0       0x28 /tmp/cc6TjwjT.o
                0x080000d0                timer_expired
 .text.startup.main
                0x080000f8      0x118 /tmp/cc6TjwjT.o
                0x080000f8                main
 .text._reset   0x08000210       0x38 /tmp/cc6TjwjT.o
                0x08000210                _reset

.glue_7         0x08000248        0x0
 .glue_7        0x08000248        0x0 linker stubs

.glue_7t        0x08000248        0x0
 .glue_7t       0x08000248        0x0 linker stubs

.vfp11_veneer   0x08000248        0x0
 .vfp11_veneer  0x08000248        0x0 linker stubs

.v4_bx          0x08000248        0x0
 .v4_bx         0x08000248        0x0 linker stubs

.iplt           0x08000248        0x0
 .iplt          0x08000248        0x0 /tmp/cc6TjwjT.o

.rodata         0x08000248        0x5
 *(.rodata*)
 .rodata.main.str1.1
                0x08000248        0x5 /tmp/cc6TjwjT.o

.rel.dyn        0x08000250        0x0
 .rel.iplt      0x08000250        0x0 /tmp/cc6TjwjT.o

.data           0x20000000        0x0 load address 0x0800024d
                0x20000000                        _sdata = .
 *(.first_data)
 *(.data SORT_BY_NAME(.data.*))
                0x20000000                        _edata = .
                0x0800024d                        _sidata = LOADADDR (.data)

.igot.plt       0x20000000        0x0 load address 0x0800024d
 .igot.plt      0x20000000        0x0 /tmp/cc6TjwjT.o

.bss            0x20000000        0x8 load address 0x0800024d
                0x20000000                        _sbss = .
 *(.bss SORT_BY_NAME(.bss.*) COMMON)
 .bss.on.0      0x20000000        0x1 /tmp/cc6TjwjT.o
 *fill*         0x20000001        0x3 
 .bss.s_ticks   0x20000004        0x4 /tmp/cc6TjwjT.o
                0x20000008                        _ebss = .
                0x20000008                        . = ALIGN (0x8)
                0x20000008                        _end = .
OUTPUT(firmware.elf elf32-littlearm)
LOAD linker stubs

.debug_info     0x00000000      0x975
 .debug_info    0x00000000      0x975 /tmp/cc6TjwjT.o

.debug_abbrev   0x00000000      0x2fb
 .debug_abbrev  0x00000000      0x2fb /tmp/cc6TjwjT.o

.debug_loclists
                0x00000000      0x2c1
 .debug_loclists
                0x00000000      0x2c1 /tmp/cc6TjwjT.o

.debug_aranges  0x00000000       0x38
 .debug_aranges
                0x00000000       0x38 /tmp/cc6TjwjT.o

.debug_rnglists
                0x00000000       0xdb
 .debug_rnglists
                0x00000000       0xdb /tmp/cc6TjwjT.o

.debug_macro    0x00000000     0x1ead
 .debug_macro   0x00000000      0x176 /tmp/cc6TjwjT.o
 .debug_macro   0x00000176      0xaa2 /tmp/cc6TjwjT.o
 .debug_macro   0x00000c18       0x22 /tmp/cc6TjwjT.o
 .debug_macro   0x00000c3a       0x54 /tmp/cc6TjwjT.o
 .debug_macro   0x00000c8e       0x24 /tmp/cc6TjwjT.o
 .debug_macro   0x00000cb2       0x94 /tmp/cc6TjwjT.o
 .debug_macro   0x00000d46       0x43 /tmp/cc6TjwjT.o
 .debug_macro   0x00000d89      0x103 /tmp/cc6TjwjT.o
 .debug_macro   0x00000e8c       0x3a /tmp/cc6TjwjT.o
 .debug_macro   0x00000ec6      0x34e /tmp/cc6TjwjT.o
 .debug_macro   0x00001214       0x89 /tmp/cc6TjwjT.o
 .debug_macro   0x0000129d      0x379 /tmp/cc6TjwjT.o
 .debug_macro   0x00001616       0x22 /tmp/cc6TjwjT.o
 .debug_macro   0x00001638       0x16 /tmp/cc6TjwjT.o
 .debug_macro   0x0000164e       0xa5 /tmp/cc6TjwjT.o
 .debug_macro   0x000016f3       0x9b /tmp/cc6TjwjT.o
 .debug_macro   0x0000178e       0x57 /tmp/cc6TjwjT.o
 .debug_macro   0x000017e5      0x364 /tmp/cc6TjwjT.o
 .debug_macro   0x00001b49       0x16 /tmp/cc6TjwjT.o
 .debug_macro   0x00001b5f       0x4a /tmp/cc6TjwjT.o
 .debug_macro   0x00001ba9       0x34 /tmp/cc6TjwjT.o
 .debug_macro   0x00001bdd       0x10 /tmp/cc6TjwjT.o
 .debug_macro   0x00001bed       0x52 /tmp/cc6TjwjT.o
 .debug_macro   0x00001c3f       0x8e /tmp/cc6TjwjT.o
 .debug_macro   0x00001ccd       0x1c /tmp/cc6TjwjT.o
 .debug_macro   0x00001ce9      0x185 /tmp/cc6TjwjT.o
 .debug_macro   0x00001e6e       0x16 /tmp/cc6TjwjT.o
 .debug_macro   0x00001e84       0x29 /tmp/cc6TjwjT.o

.debug_line     0x00000000      0x58d
 .debug_line    0x00000000      0x58d /tmp/cc6TjwjT.o

.debug_str      0x00000000     0x7f73
 .debug_str     0x00000000     0x7f73 /tmp/cc6TjwjT.o
                               0x81a0 (size before relaxing)

.comment        0x00000000       0x26
 .comment       0x00000000       0x26 /tmp/cc6TjwjT.o
                                 0x27 (size before relaxing)

.ARM.attributes
                0x00000000       0x2c
 .ARM.attributes
                0x00000000       0x2c /tmp/cc6TjwjT.o

.debug_frame    0x00000000       0x70
 .debug_frame   0x00000000       0x70 /tmp/cc6TjwjT.o
